[hmi77.wordpress.com/index.html]
[backblue.gif]
[fade.gif]
[index.html]
[s1.wp.com/wp-content/blog-plugins/marketing-bar/css/marketing-bar31b8.css]
[hmi77.wordpress.com/feed/index.html]
[hmi77.wordpress.com/comments/feed/index.html]
[s1.wp.com/wp-content/plugins/gutenberg-core/v17.1.4/build/block-library/blocks/navigation/stylead8d.css]
[s1.wp.com/wp-content/plugins/gutenberg-core/v17.1.4/build/block-library/blocks/cover/stylead8d.css]
[s1.wp.com/wp-content/plugins/gutenberg-core/v17.1.4/build/block-library/blocks/social-links/stylead8d.css]
[s1.wp.com/wp-content/js/mobile-useragent-info9d5c.js]
[s0.wp.com/wp-content/plugins/gutenberg-core/v17.1.4/build/interactivity/index.min2b52.js]
[s1.wp.com/wp-content/plugins/gutenberg-core/v17.1.4/build/block-library/blocks/navigation/view.min178d.js]
[hmi77.wordpress.com/xmlrpc0db0.php]
[s1.wp.com/_static/index2e67.html]
[s2.wp.com/i/webclip.png]
[hmi77.wordpress.com/osd.xml]
[hmi77.files.wordpress.com/2023/12/header2.jpg]
[hmi77.wordpress.com/tentang/index.html]
[dotcompatterns.files.wordpress.com/2023/08/pexels-cottonbro-studio-673969573d9.jpg]
[dotcompatterns.files.wordpress.com/2023/08/pexels-cottonbro-studio-673969373d9.jpg]
[dotcompatterns.files.wordpress.com/2023/08/pexels-cottonbro-studio-673970473d9.jpg]
[dotcompatterns.files.wordpress.com/2023/08/pexels-karolina-grabowska-6805394-edited.jpg]
[dotcompatterns.files.wordpress.com/2023/08/pexels-karolina-grabowska-68055177897.jpg]
[dotcompatterns.files.wordpress.com/2023/08/pexels-karolina-grabowska-6825572-1ff21.jpg]
[dotcompatterns.files.wordpress.com/2023/08/pexels-karolina-grabowska-42031002dff.jpg]
[dotcompatterns.files.wordpress.com/2023/08/pexels-karolina-grabowska-68054192dff.jpg]
[0.gravatar.com/js/hovercards/hovercards.min43aa.js]
[s2.wp.com/wp-content/mu-plugins/gravatar-hovercards/wpgrohoe8bd.js]
[s2.wp.com/i/logo/wpcom-gray-white.png]
[s0.wp.com/wp-content/mu-plugins/actionbar/actionbar4dc1.css]
[s0.wp.com/wp-content/mu-plugins/actionbar/actionbar4dc1.js]
[stats.wp.com/wfc49.js]
[hmi77.wordpress.com/wp-content/plugins/ie-sitemode/custom-jumplist.php]
[pixel.wp.com/b0b80.gif]
[hmi77.wordpress.com/index.html]
[s1.wp.com/wp-content/blog-plugins/marketing-bar/css/marketing-bar31b8.css]
[s1.wp.com/wp-content/plugins/gutenberg-core/v17.1.4/build/block-library/blocks/navigation/stylead8d.css]
[s1.wp.com/wp-content/plugins/gutenberg-core/v17.1.4/build/block-library/blocks/cover/stylead8d.css]
[s1.wp.com/wp-content/plugins/gutenberg-core/v17.1.4/build/block-library/blocks/social-links/stylead8d.css]
[s1.wp.com/_static/indexd02a.html]
[s2.wp.com/wp-content/themes/h4/globalf753.css]
[hmi77.wordpress.com/tentang/feed/index.html]
[hmi77.wordpress.com/tentang/index.html]
[s0.wp.com/wp-content/mu-plugins/actionbar/actionbar4dc1.css]
[s1.wp.com/wp-content/mu-plugins/comment-likes/js/comment-likes9835.js]
